The live registers: $t0  
The live registers: $s0  
