The live registers: $t0  $t1  $s1  $s7  
The live registers: $s7  
The live registers: $t6  
