The live registers: $t1  $t3  $s5  
The live registers: 
The live registers: 
