The live registers: $s0  $s1  $s2  $s4  $s5  $s7  
