The live registers: $t0  $t1  $t3  $s0  $s1  $s2  $s7  $t9  
