The live registers: $s0  
The live registers: $t0  
The live registers: 
The live registers: $t2  
The live registers: 
The live registers: 
The live registers: 
The live registers: 
The live registers: 
The live registers: $t1  
