The live registers: $t0  $t2  
The live registers: $t1  $t2  $s4  $t8  
