The live registers: $t1  $t5  $s0  $t9  
The live registers: $t1  $t5  $s0  $t8  $t9  
The live registers: $t8  
